// Jest Snapshot v1, https://goo.gl/fbAQLP

exports[`RedisCacheController Should throw an error because there is a request already ongoing (local) 1`] = `"Can't start a new request until previous ends."`;
